<html>
<body>
<pre>
<h1>µVision Build Log</h1>
<h2>Tool Versions:</h2>
IDE-Version: ¦ÌVision V5.18.0.0
Copyright (C) 2016 ARM Ltd and ARM Germany GmbH. All rights reserved.
License Information: a ilem, a, LIC=PE7DL-0GRHZ-TGK7T-RRFK4-RK7DK-YMBB9
 
Tool Versions:
Toolchain:       MDK-ARM Standard  Version: 5.18
Toolchain Path:  C:\Keil_v5\ARM\ARMCC\Bin
C Compiler:      Armcc.exe V5.06 update 1 (build 61)
Assembler:       Armasm.exe V5.06 update 1 (build 61)
Linker/Locator:  ArmLink.exe V5.06 update 1 (build 61)
Library Manager: ArmAr.exe V5.06 update 1 (build 61)
Hex Converter:   FromElf.exe V5.06 update 1 (build 61)
CPU DLL:         SARMCM3.DLL V5.18
Dialog DLL:      DCM.DLL V1.13.6.0
Target DLL:      Segger\JL2CM3.dll V2.99.18.0
Dialog DLL:      TCM.DLL V1.14.8.0
 
<h2>Project:</h2>
D:\Desktop\firstTest\USER\GPIO.uvprojx
Project File Date:  01/15/2023

<h2>Output:</h2>
*** Using Compiler 'V5.06 update 1 (build 61)', folder: 'C:\Keil_v5\ARM\ARMCC\Bin'
Rebuild target 'GPIO'
assembling startup_air32f10x.s...
compiling system_air32f10x.c...
compiling delay.c...
compiling main.c...
compiling Blink.c...
compiling air32f10x_it.c...
compiling air32f10x_gpio.c...
compiling air32f10x_rcc.c...
compiling misc.c...
linking...
Program Size: Code=3160 RO-data=576 RW-data=44 ZI-data=4100  
FromELF: creating hex file...
"..\OBJ\GPIO.axf" - 0 Error(s), 0 Warning(s).

<h2>Collection of Component include folders:</h2>
  D:\Desktop\firstTest\USER\RTE
  C:\Keil_v5\ARM\PACK\Keil\AIR32F103_DFP\1.1.0\Device\Include

<h2>Collection of Component Files used:</h2>
Build Time Elapsed:  00:00:01
</pre>
</body>
</html>
