Component: ARM Compiler 5.06 update 1 (build 61) Tool: armlink [4d35a8]

==============================================================================

Section Cross References

    main.o(.text) refers to delay.o(.text) for Delay_Init
    main.o(.text) refers to blink.o(.text) for GPIO_Configuration
    main.o(.text) refers to air32f10x_gpio.o(.text) for GPIO_SetBits
    system_air32f10x.o(.text) refers to system_air32f10x.o(.data) for SystemCoreClock
    blink.o(.text) refers to air32f10x_rcc.o(.text) for RCC_APB2PeriphClockCmd
    blink.o(.text) refers to air32f10x_gpio.o(.text) for GPIO_Init
    delay.o(.text) refers to air32f10x_rcc.o(.text) for RCC_GetClocksFreq
    delay.o(.text) refers to misc.o(.text) for SysTick_CLKSourceConfig
    delay.o(.text) refers to delay.o(.data) for UsNumber
    startup_air32f10x.o(RESET) refers to startup_air32f10x.o(STACK) for __initial_sp
    startup_air32f10x.o(RESET) refers to startup_air32f10x.o(.text) for Reset_Handler
    startup_air32f10x.o(RESET) refers to air32f10x_it.o(.text) for NMI_Handler
    startup_air32f10x.o(.text) refers to system_air32f10x.o(.text) for SystemInit
    startup_air32f10x.o(.text) refers to entry.o(.ARM.Collect$$$$00000000) for __main
    air32f10x_gpio.o(.text) refers to air32f10x_rcc.o(.text) for RCC_APB2PeriphResetCmd
    air32f10x_rcc.o(.text) refers to air32f10x_rcc.o(.data) for APBAHBPrescTable
    entry.o(.ARM.Collect$$$$00000000) refers (Special) to entry10a.o(.ARM.Collect$$$$0000000D) for __rt_final_cpp
    entry.o(.ARM.Collect$$$$00000000) refers (Special) to entry11a.o(.ARM.Collect$$$$0000000F) for __rt_final_exit
    entry.o(.ARM.Collect$$$$00000000) refers (Special) to entry7b.o(.ARM.Collect$$$$00000008) for _main_clock
    entry.o(.ARM.Collect$$$$00000000) refers (Special) to entry8b.o(.ARM.Collect$$$$0000000A) for _main_cpp_init
    entry.o(.ARM.Collect$$$$00000000) refers (Special) to entry9a.o(.ARM.Collect$$$$0000000B) for _main_init
    entry.o(.ARM.Collect$$$$00000000) refers (Special) to entry5.o(.ARM.Collect$$$$00000004) for _main_scatterload
    entry.o(.ARM.Collect$$$$00000000) refers (Special) to entry2.o(.ARM.Collect$$$$00000001) for _main_stk
    entry2.o(.ARM.Collect$$$$00000001) refers to entry2.o(.ARM.Collect$$$$00002712) for __lit__00000000
    entry2.o(.ARM.Collect$$$$00002712) refers to startup_air32f10x.o(STACK) for __initial_sp
    entry2.o(__vectab_stack_and_reset_area) refers to startup_air32f10x.o(STACK) for __initial_sp
    entry2.o(__vectab_stack_and_reset_area) refers to entry.o(.ARM.Collect$$$$00000000) for __main
    entry5.o(.ARM.Collect$$$$00000004) refers to init.o(.text) for __scatterload
    entry9a.o(.ARM.Collect$$$$0000000B) refers to main.o(.text) for main
    entry9b.o(.ARM.Collect$$$$0000000C) refers to main.o(.text) for main
    init.o(.text) refers to entry5.o(.ARM.Collect$$$$00000004) for __main_after_scatterload


==============================================================================

Removing Unused input sections from the image.

    Removing main.o(.rev16_text), (4 bytes).
    Removing main.o(.revsh_text), (4 bytes).
    Removing main.o(.rrx_text), (6 bytes).
    Removing air32f10x_it.o(.rev16_text), (4 bytes).
    Removing air32f10x_it.o(.revsh_text), (4 bytes).
    Removing air32f10x_it.o(.rrx_text), (6 bytes).
    Removing system_air32f10x.o(.rev16_text), (4 bytes).
    Removing system_air32f10x.o(.revsh_text), (4 bytes).
    Removing system_air32f10x.o(.rrx_text), (6 bytes).
    Removing blink.o(.rev16_text), (4 bytes).
    Removing blink.o(.revsh_text), (4 bytes).
    Removing blink.o(.rrx_text), (6 bytes).
    Removing delay.o(.rev16_text), (4 bytes).
    Removing delay.o(.revsh_text), (4 bytes).
    Removing delay.o(.rrx_text), (6 bytes).
    Removing startup_air32f10x.o(HEAP), (4096 bytes).
    Removing air32f10x_gpio.o(.rev16_text), (4 bytes).
    Removing air32f10x_gpio.o(.revsh_text), (4 bytes).
    Removing air32f10x_gpio.o(.rrx_text), (6 bytes).
    Removing air32f10x_rcc.o(.rev16_text), (4 bytes).
    Removing air32f10x_rcc.o(.revsh_text), (4 bytes).
    Removing air32f10x_rcc.o(.rrx_text), (6 bytes).
    Removing misc.o(.rev16_text), (4 bytes).
    Removing misc.o(.revsh_text), (4 bytes).
    Removing misc.o(.rrx_text), (6 bytes).

25 unused section(s) (total 4208 bytes) removed from the image.

==============================================================================

Image Symbol Table

    Local Symbols

    Symbol Name                              Value     Ov Type        Size  Object(Section)

    ../clib/microlib/init/entry.s            0x00000000   Number         0  entry11a.o ABSOLUTE
    ../clib/microlib/init/entry.s            0x00000000   Number         0  entry11b.o ABSOLUTE
    ../clib/microlib/init/entry.s            0x00000000   Number         0  entry10b.o ABSOLUTE
    ../clib/microlib/init/entry.s            0x00000000   Number         0  entry10a.o ABSOLUTE
    ../clib/microlib/init/entry.s            0x00000000   Number         0  entry9b.o ABSOLUTE
    ../clib/microlib/init/entry.s            0x00000000   Number         0  entry9a.o ABSOLUTE
    ../clib/microlib/init/entry.s            0x00000000   Number         0  entry8b.o ABSOLUTE
    ../clib/microlib/init/entry.s            0x00000000   Number         0  entry8a.o ABSOLUTE
    ../clib/microlib/init/entry.s            0x00000000   Number         0  entry7b.o ABSOLUTE
    ../clib/microlib/init/entry.s            0x00000000   Number         0  entry7a.o ABSOLUTE
    ../clib/microlib/init/entry.s            0x00000000   Number         0  entry5.o ABSOLUTE
    ../clib/microlib/init/entry.s            0x00000000   Number         0  entry2.o ABSOLUTE
    ../clib/microlib/init/entry.s            0x00000000   Number         0  entry.o ABSOLUTE
    ..\Libraries\AIR32F10xLib\src\air32f10x_gpio.c 0x00000000   Number         0  air32f10x_gpio.o ABSOLUTE
    ..\Libraries\AIR32F10xLib\src\air32f10x_rcc.c 0x00000000   Number         0  air32f10x_rcc.o ABSOLUTE
    ..\Libraries\AIR32F10xLib\src\misc.c     0x00000000   Number         0  misc.o ABSOLUTE
    ..\Libraries\AIR32F10xLib\src\system_air32f10x.c 0x00000000   Number         0  system_air32f10x.o ABSOLUTE
    ..\Libraries\STARTUP\arm\startup_air32f10x.s 0x00000000   Number         0  startup_air32f10x.o ABSOLUTE
    ..\SYSTEM\delay\delay.c                  0x00000000   Number         0  delay.o ABSOLUTE
    ..\\Libraries\\AIR32F10xLib\\src\\air32f10x_gpio.c 0x00000000   Number         0  air32f10x_gpio.o ABSOLUTE
    ..\\Libraries\\AIR32F10xLib\\src\\air32f10x_rcc.c 0x00000000   Number         0  air32f10x_rcc.o ABSOLUTE
    ..\\Libraries\\AIR32F10xLib\\src\\misc.c 0x00000000   Number         0  misc.o ABSOLUTE
    ..\\Libraries\\AIR32F10xLib\\src\\system_air32f10x.c 0x00000000   Number         0  system_air32f10x.o ABSOLUTE
    ..\\SYSTEM\\delay\\delay.c               0x00000000   Number         0  delay.o ABSOLUTE
    Blink.c                                  0x00000000   Number         0  blink.o ABSOLUTE
    Blink.c                                  0x00000000   Number         0  blink.o ABSOLUTE
    air32f10x_it.c                           0x00000000   Number         0  air32f10x_it.o ABSOLUTE
    air32f10x_it.c                           0x00000000   Number         0  air32f10x_it.o ABSOLUTE
    dc.s                                     0x00000000   Number         0  dc.o ABSOLUTE
    handlers.s                               0x00000000   Number         0  handlers.o ABSOLUTE
    init.s                                   0x00000000   Number         0  init.o ABSOLUTE
    main.c                                   0x00000000   Number         0  main.o ABSOLUTE
    main.c                                   0x00000000   Number         0  main.o ABSOLUTE
    RESET                                    0x08000000   Section      544  startup_air32f10x.o(RESET)
    .ARM.Collect$$$$00000000                 0x08000220   Section        0  entry.o(.ARM.Collect$$$$00000000)
    .ARM.Collect$$$$00000001                 0x08000220   Section        4  entry2.o(.ARM.Collect$$$$00000001)
    .ARM.Collect$$$$00000004                 0x08000224   Section        4  entry5.o(.ARM.Collect$$$$00000004)
    .ARM.Collect$$$$00000008                 0x08000228   Section        0  entry7b.o(.ARM.Collect$$$$00000008)
    .ARM.Collect$$$$0000000A                 0x08000228   Section        0  entry8b.o(.ARM.Collect$$$$0000000A)
    .ARM.Collect$$$$0000000B                 0x08000228   Section        8  entry9a.o(.ARM.Collect$$$$0000000B)
    .ARM.Collect$$$$0000000D                 0x08000230   Section        0  entry10a.o(.ARM.Collect$$$$0000000D)
    .ARM.Collect$$$$0000000F                 0x08000230   Section        0  entry11a.o(.ARM.Collect$$$$0000000F)
    .ARM.Collect$$$$00002712                 0x08000230   Section        4  entry2.o(.ARM.Collect$$$$00002712)
    __lit__00000000                          0x08000230   Data           4  entry2.o(.ARM.Collect$$$$00002712)
    .text                                    0x08000234   Section        0  main.o(.text)
    .text                                    0x080002a0   Section        0  air32f10x_it.o(.text)
    .text                                    0x080002bc   Section        0  system_air32f10x.o(.text)
    SetSysClockTo72                          0x080002bd   Thumb Code   214  system_air32f10x.o(.text)
    SetSysClock                              0x08000393   Thumb Code     8  system_air32f10x.o(.text)
    .text                                    0x0800049c   Section        0  blink.o(.text)
    .text                                    0x080004c8   Section        0  delay.o(.text)
    .text                                    0x080005c4   Section       44  startup_air32f10x.o(.text)
    .text                                    0x080005f0   Section        0  air32f10x_gpio.o(.text)
    .text                                    0x08000974   Section        0  air32f10x_rcc.o(.text)
    .text                                    0x08000d58   Section        0  misc.o(.text)
    .text                                    0x08000e34   Section       36  init.o(.text)
    i.__scatterload_copy                     0x08000e58   Section       14  handlers.o(i.__scatterload_copy)
    i.__scatterload_null                     0x08000e66   Section        2  handlers.o(i.__scatterload_null)
    i.__scatterload_zeroinit                 0x08000e68   Section       14  handlers.o(i.__scatterload_zeroinit)
    .data                                    0x20000000   Section       20  system_air32f10x.o(.data)
    .data                                    0x20000014   Section        4  delay.o(.data)
    UsNumber                                 0x20000014   Data           1  delay.o(.data)
    MsNumber                                 0x20000016   Data           2  delay.o(.data)
    .data                                    0x20000018   Section       20  air32f10x_rcc.o(.data)
    APBAHBPrescTable                         0x20000018   Data          16  air32f10x_rcc.o(.data)
    ADCPrescTable                            0x20000028   Data           4  air32f10x_rcc.o(.data)
    STACK                                    0x20000030   Section     4096  startup_air32f10x.o(STACK)

    Global Symbols

    Symbol Name                              Value     Ov Type        Size  Object(Section)

    BuildAttributes$$THM_ISAv4$P$D$K$B$S$PE$A:L22UL41UL21$X:L11$S22US41US21$IEEE1$IW$USESV6$~STKCKD$USESV7$~SHL$OSPACE$EBA8$MICROLIB$REQ8$PRES8$EABIv2 0x00000000   Number         0  anon$$obj.o ABSOLUTE
    __ARM_use_no_argv                        0x00000000   Number         0  main.o ABSOLUTE
    __cpp_initialize__aeabi_                  - Undefined Weak Reference
    __cxa_finalize                            - Undefined Weak Reference
    __decompress                              - Undefined Weak Reference
    _clock_init                               - Undefined Weak Reference
    _microlib_exit                            - Undefined Weak Reference
    __Vectors_Size                           0x00000220   Number         0  startup_air32f10x.o ABSOLUTE
    __Vectors                                0x08000000   Data           4  startup_air32f10x.o(RESET)
    __Vectors_End                            0x08000220   Data           0  startup_air32f10x.o(RESET)
    __main                                   0x08000221   Thumb Code     0  entry.o(.ARM.Collect$$$$00000000)
    _main_stk                                0x08000221   Thumb Code     0  entry2.o(.ARM.Collect$$$$00000001)
    _main_scatterload                        0x08000225   Thumb Code     0  entry5.o(.ARM.Collect$$$$00000004)
    __main_after_scatterload                 0x08000229   Thumb Code     0  entry5.o(.ARM.Collect$$$$00000004)
    _main_clock                              0x08000229   Thumb Code     0  entry7b.o(.ARM.Collect$$$$00000008)
    _main_cpp_init                           0x08000229   Thumb Code     0  entry8b.o(.ARM.Collect$$$$0000000A)
    _main_init                               0x08000229   Thumb Code     0  entry9a.o(.ARM.Collect$$$$0000000B)
    __rt_final_cpp                           0x08000231   Thumb Code     0  entry10a.o(.ARM.Collect$$$$0000000D)
    __rt_final_exit                          0x08000231   Thumb Code     0  entry11a.o(.ARM.Collect$$$$0000000F)
    main                                     0x08000235   Thumb Code   104  main.o(.text)
    NMI_Handler                              0x080002a1   Thumb Code     2  air32f10x_it.o(.text)
    HardFault_Handler                        0x080002a3   Thumb Code     4  air32f10x_it.o(.text)
    MemManage_Handler                        0x080002a7   Thumb Code     4  air32f10x_it.o(.text)
    BusFault_Handler                         0x080002ab   Thumb Code     4  air32f10x_it.o(.text)
    UsageFault_Handler                       0x080002af   Thumb Code     4  air32f10x_it.o(.text)
    SVC_Handler                              0x080002b3   Thumb Code     2  air32f10x_it.o(.text)
    DebugMon_Handler                         0x080002b5   Thumb Code     2  air32f10x_it.o(.text)
    PendSV_Handler                           0x080002b7   Thumb Code     2  air32f10x_it.o(.text)
    SysTick_Handler                          0x080002b9   Thumb Code     2  air32f10x_it.o(.text)
    SystemInit                               0x0800039b   Thumb Code    78  system_air32f10x.o(.text)
    SystemCoreClockUpdate                    0x080003e9   Thumb Code   142  system_air32f10x.o(.text)
    GPIO_Configuration                       0x0800049d   Thumb Code    40  blink.o(.text)
    Delay_Init                               0x080004c9   Thumb Code    58  delay.o(.text)
    Delay_Us                                 0x08000503   Thumb Code    72  delay.o(.text)
    Delay_Ms                                 0x0800054b   Thumb Code    72  delay.o(.text)
    Delay_S                                  0x08000593   Thumb Code    38  delay.o(.text)
    BOOT_RAM                                 0x080005c5   Thumb Code     8  startup_air32f10x.o(.text)
    Reset_Handler                            0x080005cd   Thumb Code     8  startup_air32f10x.o(.text)
    ADC1_2_IRQHandler                        0x080005e7   Thumb Code     0  startup_air32f10x.o(.text)
    ADC3_IRQHandler                          0x080005e7   Thumb Code     0  startup_air32f10x.o(.text)
    CAN1_RX1_IRQHandler                      0x080005e7   Thumb Code     0  startup_air32f10x.o(.text)
    CAN1_SCE_IRQHandler                      0x080005e7   Thumb Code     0  startup_air32f10x.o(.text)
    DMA1_Channel1_IRQHandler                 0x080005e7   Thumb Code     0  startup_air32f10x.o(.text)
    DMA1_Channel2_IRQHandler                 0x080005e7   Thumb Code     0  startup_air32f10x.o(.text)
    DMA1_Channel3_IRQHandler                 0x080005e7   Thumb Code     0  startup_air32f10x.o(.text)
    DMA1_Channel4_IRQHandler                 0x080005e7   Thumb Code     0  startup_air32f10x.o(.text)
    DMA1_Channel5_IRQHandler                 0x080005e7   Thumb Code     0  startup_air32f10x.o(.text)
    DMA1_Channel6_IRQHandler                 0x080005e7   Thumb Code     0  startup_air32f10x.o(.text)
    DMA1_Channel7_IRQHandler                 0x080005e7   Thumb Code     0  startup_air32f10x.o(.text)
    DMA2_Channel1_IRQHandler                 0x080005e7   Thumb Code     0  startup_air32f10x.o(.text)
    DMA2_Channel2_IRQHandler                 0x080005e7   Thumb Code     0  startup_air32f10x.o(.text)
    DMA2_Channel3_IRQHandler                 0x080005e7   Thumb Code     0  startup_air32f10x.o(.text)
    DMA2_Channel4_5_IRQHandler               0x080005e7   Thumb Code     0  startup_air32f10x.o(.text)
    EXTI0_IRQHandler                         0x080005e7   Thumb Code     0  startup_air32f10x.o(.text)
    EXTI15_10_IRQHandler                     0x080005e7   Thumb Code     0  startup_air32f10x.o(.text)
    EXTI1_IRQHandler                         0x080005e7   Thumb Code     0  startup_air32f10x.o(.text)
    EXTI2_IRQHandler                         0x080005e7   Thumb Code     0  startup_air32f10x.o(.text)
    EXTI3_IRQHandler                         0x080005e7   Thumb Code     0  startup_air32f10x.o(.text)
    EXTI4_IRQHandler                         0x080005e7   Thumb Code     0  startup_air32f10x.o(.text)
    EXTI9_5_IRQHandler                       0x080005e7   Thumb Code     0  startup_air32f10x.o(.text)
    FLASH_IRQHandler                         0x080005e7   Thumb Code     0  startup_air32f10x.o(.text)
    FSMC_IRQHandler                          0x080005e7   Thumb Code     0  startup_air32f10x.o(.text)
    I2C1_ER_IRQHandler                       0x080005e7   Thumb Code     0  startup_air32f10x.o(.text)
    I2C1_EV_IRQHandler                       0x080005e7   Thumb Code     0  startup_air32f10x.o(.text)
    I2C2_ER_IRQHandler                       0x080005e7   Thumb Code     0  startup_air32f10x.o(.text)
    I2C2_EV_IRQHandler                       0x080005e7   Thumb Code     0  startup_air32f10x.o(.text)
    PVD_IRQHandler                           0x080005e7   Thumb Code     0  startup_air32f10x.o(.text)
    RCC_IRQHandler                           0x080005e7   Thumb Code     0  startup_air32f10x.o(.text)
    RNG_IRQHandler                           0x080005e7   Thumb Code     0  startup_air32f10x.o(.text)
    RTCAlarm_IRQHandler                      0x080005e7   Thumb Code     0  startup_air32f10x.o(.text)
    RTC_IRQHandler                           0x080005e7   Thumb Code     0  startup_air32f10x.o(.text)
    SDIO_IRQHandler                          0x080005e7   Thumb Code     0  startup_air32f10x.o(.text)
    SENSOR_IRQHandler                        0x080005e7   Thumb Code     0  startup_air32f10x.o(.text)
    SPI1_IRQHandler                          0x080005e7   Thumb Code     0  startup_air32f10x.o(.text)
    SPI2_IRQHandler                          0x080005e7   Thumb Code     0  startup_air32f10x.o(.text)
    SPI3_IRQHandler                          0x080005e7   Thumb Code     0  startup_air32f10x.o(.text)
    SYMC_IRQHandler                          0x080005e7   Thumb Code     0  startup_air32f10x.o(.text)
    TAMPER_IRQHandler                        0x080005e7   Thumb Code     0  startup_air32f10x.o(.text)
    TIM1_BRK_IRQHandler                      0x080005e7   Thumb Code     0  startup_air32f10x.o(.text)
    TIM1_CC_IRQHandler                       0x080005e7   Thumb Code     0  startup_air32f10x.o(.text)
    TIM1_TRG_COM_IRQHandler                  0x080005e7   Thumb Code     0  startup_air32f10x.o(.text)
    TIM1_UP_IRQHandler                       0x080005e7   Thumb Code     0  startup_air32f10x.o(.text)
    TIM2_IRQHandler                          0x080005e7   Thumb Code     0  startup_air32f10x.o(.text)
    TIM3_IRQHandler                          0x080005e7   Thumb Code     0  startup_air32f10x.o(.text)
    TIM4_IRQHandler                          0x080005e7   Thumb Code     0  startup_air32f10x.o(.text)
    TIM5_IRQHandler                          0x080005e7   Thumb Code     0  startup_air32f10x.o(.text)
    TIM6_IRQHandler                          0x080005e7   Thumb Code     0  startup_air32f10x.o(.text)
    TIM7_IRQHandler                          0x080005e7   Thumb Code     0  startup_air32f10x.o(.text)
    TIM8_BRK_IRQHandler                      0x080005e7   Thumb Code     0  startup_air32f10x.o(.text)
    TIM8_CC_IRQHandler                       0x080005e7   Thumb Code     0  startup_air32f10x.o(.text)
    TIM8_TRG_COM_IRQHandler                  0x080005e7   Thumb Code     0  startup_air32f10x.o(.text)
    TIM8_UP_IRQHandler                       0x080005e7   Thumb Code     0  startup_air32f10x.o(.text)
    UART4_IRQHandler                         0x080005e7   Thumb Code     0  startup_air32f10x.o(.text)
    UART5_IRQHandler                         0x080005e7   Thumb Code     0  startup_air32f10x.o(.text)
    USART1_IRQHandler                        0x080005e7   Thumb Code     0  startup_air32f10x.o(.text)
    USART2_IRQHandler                        0x080005e7   Thumb Code     0  startup_air32f10x.o(.text)
    USART3_IRQHandler                        0x080005e7   Thumb Code     0  startup_air32f10x.o(.text)
    USBWakeUp_IRQHandler                     0x080005e7   Thumb Code     0  startup_air32f10x.o(.text)
    USB_HP_CAN1_TX_IRQHandler                0x080005e7   Thumb Code     0  startup_air32f10x.o(.text)
    USB_LP_CAN1_RX0_IRQHandler               0x080005e7   Thumb Code     0  startup_air32f10x.o(.text)
    WWDG_IRQHandler                          0x080005e7   Thumb Code     0  startup_air32f10x.o(.text)
    GPIO_DeInit                              0x080005f1   Thumb Code   172  air32f10x_gpio.o(.text)
    GPIO_AFIODeInit                          0x0800069d   Thumb Code    20  air32f10x_gpio.o(.text)
    GPIO_Init                                0x080006b1   Thumb Code   278  air32f10x_gpio.o(.text)
    GPIO_StructInit                          0x080007c7   Thumb Code    16  air32f10x_gpio.o(.text)
    GPIO_ReadInputDataBit                    0x080007d7   Thumb Code    18  air32f10x_gpio.o(.text)
    GPIO_ReadInputData                       0x080007e9   Thumb Code     8  air32f10x_gpio.o(.text)
    GPIO_ReadOutputDataBit                   0x080007f1   Thumb Code    18  air32f10x_gpio.o(.text)
    GPIO_ReadOutputData                      0x08000803   Thumb Code     8  air32f10x_gpio.o(.text)
    GPIO_SetBits                             0x0800080b   Thumb Code     4  air32f10x_gpio.o(.text)
    GPIO_ResetBits                           0x0800080f   Thumb Code     4  air32f10x_gpio.o(.text)
    GPIO_WriteBit                            0x08000813   Thumb Code    10  air32f10x_gpio.o(.text)
    GPIO_Write                               0x0800081d   Thumb Code     4  air32f10x_gpio.o(.text)
    GPIO_PinLockConfig                       0x08000821   Thumb Code    18  air32f10x_gpio.o(.text)
    GPIO_EventOutputConfig                   0x08000833   Thumb Code    26  air32f10x_gpio.o(.text)
    GPIO_EventOutputCmd                      0x0800084d   Thumb Code     6  air32f10x_gpio.o(.text)
    GPIO_PinRemapConfig                      0x08000853   Thumb Code   138  air32f10x_gpio.o(.text)
    GPIO_EXTILineConfig                      0x080008dd   Thumb Code    66  air32f10x_gpio.o(.text)
    GPIO_ETH_MediaInterfaceConfig            0x0800091f   Thumb Code     8  air32f10x_gpio.o(.text)
    GPIO_ForcePuPdCmd                        0x08000927   Thumb Code    18  air32f10x_gpio.o(.text)
    GPIO_ForcePullUpConfig                   0x08000939   Thumb Code     8  air32f10x_gpio.o(.text)
    GPIO_ForceDropDownConfig                 0x08000941   Thumb Code    14  air32f10x_gpio.o(.text)
    RCC_DeInit                               0x08000975   Thumb Code    64  air32f10x_rcc.o(.text)
    RCC_HSEConfig                            0x080009b5   Thumb Code    70  air32f10x_rcc.o(.text)
    RCC_GetFlagStatus                        0x080009fb   Thumb Code    56  air32f10x_rcc.o(.text)
    RCC_WaitForHSEStartUp                    0x08000a33   Thumb Code    56  air32f10x_rcc.o(.text)
    RCC_AdjustHSICalibrationValue            0x08000a6b   Thumb Code    20  air32f10x_rcc.o(.text)
    RCC_HSICmd                               0x08000a7f   Thumb Code     6  air32f10x_rcc.o(.text)
    RCC_PLLConfig                            0x08000a85   Thumb Code    24  air32f10x_rcc.o(.text)
    RCC_PLLCmd                               0x08000a9d   Thumb Code     6  air32f10x_rcc.o(.text)
    RCC_SYSCLKConfig                         0x08000aa3   Thumb Code    18  air32f10x_rcc.o(.text)
    RCC_GetSYSCLKSource                      0x08000ab5   Thumb Code    10  air32f10x_rcc.o(.text)
    RCC_HCLKConfig                           0x08000abf   Thumb Code    18  air32f10x_rcc.o(.text)
    RCC_PCLK1Config                          0x08000ad1   Thumb Code    18  air32f10x_rcc.o(.text)
    RCC_PCLK2Config                          0x08000ae3   Thumb Code    20  air32f10x_rcc.o(.text)
    RCC_ITConfig                             0x08000af7   Thumb Code    26  air32f10x_rcc.o(.text)
    RCC_USBCLKConfig                         0x08000b11   Thumb Code    22  air32f10x_rcc.o(.text)
    RCC_ADCCLKConfig                         0x08000b27   Thumb Code    20  air32f10x_rcc.o(.text)
    RCC_LSEConfig                            0x08000b3b   Thumb Code    50  air32f10x_rcc.o(.text)
    RCC_LSICmd                               0x08000b6d   Thumb Code     6  air32f10x_rcc.o(.text)
    RCC_RTCCLKConfig                         0x08000b73   Thumb Code    12  air32f10x_rcc.o(.text)
    RCC_RTCCLKCmd                            0x08000b7f   Thumb Code     8  air32f10x_rcc.o(.text)
    RCC_GetClocksFreq                        0x08000b87   Thumb Code   214  air32f10x_rcc.o(.text)
    RCC_AHBPeriphClockCmd                    0x08000c5d   Thumb Code    26  air32f10x_rcc.o(.text)
    RCC_APB2PeriphClockCmd                   0x08000c77   Thumb Code    26  air32f10x_rcc.o(.text)
    RCC_APB1PeriphClockCmd                   0x08000c91   Thumb Code    26  air32f10x_rcc.o(.text)
    RCC_APB2PeriphResetCmd                   0x08000cab   Thumb Code    26  air32f10x_rcc.o(.text)
    RCC_APB1PeriphResetCmd                   0x08000cc5   Thumb Code    26  air32f10x_rcc.o(.text)
    RCC_BackupResetCmd                       0x08000cdf   Thumb Code     8  air32f10x_rcc.o(.text)
    RCC_ClockSecuritySystemCmd               0x08000ce7   Thumb Code     6  air32f10x_rcc.o(.text)
    RCC_MCOConfig                            0x08000ced   Thumb Code    24  air32f10x_rcc.o(.text)
    RCC_ClearFlag                            0x08000d05   Thumb Code    14  air32f10x_rcc.o(.text)
    RCC_GetITStatus                          0x08000d13   Thumb Code    20  air32f10x_rcc.o(.text)
    RCC_ClearITPendingBit                    0x08000d27   Thumb Code     6  air32f10x_rcc.o(.text)
    NVIC_PriorityGroupConfig                 0x08000d59   Thumb Code    10  misc.o(.text)
    NVIC_Init                                0x08000d63   Thumb Code   100  misc.o(.text)
    NVIC_SetVectorTable                      0x08000dc7   Thumb Code    14  misc.o(.text)
    NVIC_SystemLPConfig                      0x08000dd5   Thumb Code    34  misc.o(.text)
    SysTick_CLKSourceConfig                  0x08000df7   Thumb Code    40  misc.o(.text)
    __scatterload                            0x08000e35   Thumb Code    28  init.o(.text)
    __scatterload_rt2                        0x08000e35   Thumb Code     0  init.o(.text)
    __scatterload_copy                       0x08000e59   Thumb Code    14  handlers.o(i.__scatterload_copy)
    __scatterload_null                       0x08000e67   Thumb Code     2  handlers.o(i.__scatterload_null)
    __scatterload_zeroinit                   0x08000e69   Thumb Code    14  handlers.o(i.__scatterload_zeroinit)
    Region$$Table$$Base                      0x08000e78   Number         0  anon$$obj.o(Region$$Table)
    Region$$Table$$Limit                     0x08000e98   Number         0  anon$$obj.o(Region$$Table)
    SystemCoreClock                          0x20000000   Data           4  system_air32f10x.o(.data)
    AHBPrescTable                            0x20000004   Data          16  system_air32f10x.o(.data)
    __initial_sp                             0x20001030   Data           0  startup_air32f10x.o(STACK)



==============================================================================

Memory Map of the image

  Image Entry point : 0x08000221

  Load Region LR_IROM1 (Base: 0x08000000, Size: 0x00000ec4, Max: 0x00020000, ABSOLUTE)

    Execution Region ER_IROM1 (Base: 0x08000000, Size: 0x00000e98, Max: 0x00020000, ABSOLUTE)

    Base Addr    Size         Type   Attr      Idx    E Section Name        Object

    0x08000000   0x00000220   Data   RO          244    RESET               startup_air32f10x.o
    0x08000220   0x00000000   Code   RO          323  * .ARM.Collect$$$$00000000  mc_w.l(entry.o)
    0x08000220   0x00000004   Code   RO          326    .ARM.Collect$$$$00000001  mc_w.l(entry2.o)
    0x08000224   0x00000004   Code   RO          329    .ARM.Collect$$$$00000004  mc_w.l(entry5.o)
    0x08000228   0x00000000   Code   RO          331    .ARM.Collect$$$$00000008  mc_w.l(entry7b.o)
    0x08000228   0x00000000   Code   RO          333    .ARM.Collect$$$$0000000A  mc_w.l(entry8b.o)
    0x08000228   0x00000008   Code   RO          334    .ARM.Collect$$$$0000000B  mc_w.l(entry9a.o)
    0x08000230   0x00000000   Code   RO          336    .ARM.Collect$$$$0000000D  mc_w.l(entry10a.o)
    0x08000230   0x00000000   Code   RO          338    .ARM.Collect$$$$0000000F  mc_w.l(entry11a.o)
    0x08000230   0x00000004   Code   RO          327    .ARM.Collect$$$$00002712  mc_w.l(entry2.o)
    0x08000234   0x0000006c   Code   RO            4    .text               main.o
    0x080002a0   0x0000001a   Code   RO          138    .text               air32f10x_it.o
    0x080002ba   0x00000002   PAD
    0x080002bc   0x000001e0   Code   RO          165    .text               system_air32f10x.o
    0x0800049c   0x0000002c   Code   RO          195    .text               blink.o
    0x080004c8   0x000000fc   Code   RO          219    .text               delay.o
    0x080005c4   0x0000002c   Code   RO          245    .text               startup_air32f10x.o
    0x080005f0   0x00000384   Code   RO          252    .text               air32f10x_gpio.o
    0x08000974   0x000003e4   Code   RO          276    .text               air32f10x_rcc.o
    0x08000d58   0x000000dc   Code   RO          302    .text               misc.o
    0x08000e34   0x00000024   Code   RO          340    .text               mc_w.l(init.o)
    0x08000e58   0x0000000e   Code   RO          344    i.__scatterload_copy  mc_w.l(handlers.o)
    0x08000e66   0x00000002   Code   RO          345    i.__scatterload_null  mc_w.l(handlers.o)
    0x08000e68   0x0000000e   Code   RO          346    i.__scatterload_zeroinit  mc_w.l(handlers.o)
    0x08000e76   0x00000002   PAD
    0x08000e78   0x00000020   Data   RO          342    Region$$Table       anon$$obj.o


    Execution Region RW_IRAM1 (Base: 0x20000000, Size: 0x00001030, Max: 0x00008000, ABSOLUTE)

    Base Addr    Size         Type   Attr      Idx    E Section Name        Object

    0x20000000   0x00000014   Data   RW          166    .data               system_air32f10x.o
    0x20000014   0x00000004   Data   RW          220    .data               delay.o
    0x20000018   0x00000014   Data   RW          277    .data               air32f10x_rcc.o
    0x2000002c   0x00000004   PAD
    0x20000030   0x00001000   Zero   RW          242    STACK               startup_air32f10x.o


==============================================================================

Image component sizes


      Code (inc. data)   RO Data    RW Data    ZI Data      Debug   Object Name

       900         38          0          0          0       6395   air32f10x_gpio.o
        26          0          0          0          0       1142   air32f10x_it.o
       996         44          0         20          0       8856   air32f10x_rcc.o
        44          4          0          0          0        433   blink.o
       252         12          0          4          0       1207   delay.o
       108          4          0          0          0     230855   main.o
       220         22          0          0          0       1761   misc.o
        44          8        544          0       4096        824   startup_air32f10x.o
       480         38          0         20          0       1787   system_air32f10x.o

    ----------------------------------------------------------------------
      3072        170        576         44       4100     253260   Object Totals
         0          0         32          0          0          0   (incl. Generated)
         2          0          0          0          4          0   (incl. Padding)

    ----------------------------------------------------------------------

      Code (inc. data)   RO Data    RW Data    ZI Data      Debug   Library Member Name

         0          0          0          0          0          0   entry.o
         0          0          0          0          0          0   entry10a.o
         0          0          0          0          0          0   entry11a.o
         8          4          0          0          0          0   entry2.o
         4          0          0          0          0          0   entry5.o
         0          0          0          0          0          0   entry7b.o
         0          0          0          0          0          0   entry8b.o
         8          4          0          0          0          0   entry9a.o
        30          0          0          0          0          0   handlers.o
        36          8          0          0          0         68   init.o

    ----------------------------------------------------------------------
        88         16          0          0          0         68   Library Totals
         2          0          0          0          0          0   (incl. Padding)

    ----------------------------------------------------------------------

      Code (inc. data)   RO Data    RW Data    ZI Data      Debug   Library Name

        86         16          0          0          0         68   mc_w.l

    ----------------------------------------------------------------------
        88         16          0          0          0         68   Library Totals

    ----------------------------------------------------------------------

==============================================================================


      Code (inc. data)   RO Data    RW Data    ZI Data      Debug   

      3160        186        576         44       4100     253012   Grand Totals
      3160        186        576         44       4100     253012   ELF Image Totals
      3160        186        576         44          0          0   ROM Totals

==============================================================================

    Total RO  Size (Code + RO Data)                 3736 (   3.65kB)
    Total RW  Size (RW Data + ZI Data)              4144 (   4.05kB)
    Total ROM Size (Code + RO Data + RW Data)       3780 (   3.69kB)

==============================================================================

